cmd : '.' is not 
recognized as an 
internal or external 
command,
At line:1 char:1
+ cmd /c "./mvnw test -
Dtest=MessageController
Test,DocumentController
Te ...
+ ~~~~~~~~~~~~~~~~~~~~~
~~~~~~~~~~~~~~~~~~~~~~~
~~~~~~~~~~~~~~~~~~~~~~~
~~
    + CategoryInfo     
         : NotSpecifi  
  ed: ('.' is not re   
 co...ternal comman    
d,:String) [], Rem    
oteException
    + FullyQualifiedEr 
   rorId : NativeComm  
  andError
 
operable program or 
batch file.
